C51 COMPILER V9.52.0.0   FOGIC_TXD                                                         06/06/2026 21:26:43 PAGE 1   


C51 COMPILER V9.52.0.0, COMPILATION OF MODULE FOGIC_TXD
OBJECT MODULE PLACED IN .\Release\Objects\Fogic_TxD.obj
COMPILER INVOKED BY: D:\Keil\C51\BIN\C51.EXE ..\..\User\Fogic_TxD.c BROWSE INTVECTOR(0X8000) INCDIR(..\..\Libraries\Incl
                    -ude;..\..\User) INTERVAL(3) DEBUG OBJECTEXTEND PRINT(.\Release\Listings\Fogic_TxD.lst) TABS(2) OBJECT(.\Release\Objects\
                    -Fogic_TxD.obj)

line level    source

   1          /**
   2            ******************************************************************************
   3            * @file    Fogic_TxD.c
   4            * @brief   按键切换8种LED模式，每次按键：立即发RF -> 显示5s -> 休眠
   5            *
   6            * 按键每按一次，模式依次循环（0->1->...->10->0）：
   7            *   模式0:  常亮-红
   8            *   模式1:  常亮-橙
   9            *   模式2:  常亮-黄
  10            *   模式3:  常亮-绿
  11            *   模式4:  常亮-青
  12            *   模式5:  常亮-蓝
  13            *   模式6:  常亮-紫
  14            *   模式7:  常亮-品红
  15            *   模式8:  白色呼吸     亮度0->满->0，循环
  16            *   模式9:  彩色呼吸     每种颜色各完整呼吸一次
  17            *   模式10: 全彩渐变     红->橙->黄->绿->青->蓝->紫->红 平滑过渡
  18            *
  19            * 显示期间再次按键：立即重新发RF，切换到下一模式并重新计5s
  20            *
  21            * 硬件：
  22            *   KEY3  P15 --- VCC   按下=高电平，内部下拉
  23            *   LED共阳，低电平点亮：LED_R=P05 / LED_G=P01 / LED_B=P06
  24            *   引脚开高驱动（P0_DRV）+ 关上拉，最大化灌电流
  25            *
  26            * 软件PWM：每帧10ms（10片×1ms），分辨率0~10
  27            ******************************************************************************
  28            */
  29          
  30          #ifndef __FOGIC_TXD_C__
  31          #define __FOGIC_TXD_C__
  32          
  33          #include "include.h"
  34          #if( FOGIC_PROG_TYP == FOGIC_PROG_TXD )
  35          
  36          /* ============================================================================
  37             PWM参数
  38             ============================================================================ */
  39          #define PWM_MAX     10          /* PWM最大亮度，每帧10ms */
  40          #define PWM_STEP_MS 1           /* 每时间片1ms            */
  41          
  42          /* 5秒 = 5000ms / 10ms每帧 = 500帧 */
  43          #define SHOW_FRAMES 500
  44          
  45          /* ============================================================================
  46             LED控制宏（共阳：低有效，引脚拉低=点亮）
  47             ============================================================================ */
  48          #define SET_R(on)     do{ P05 = (on) ? 0 : 1; }while(0)   /* R -> P05, 共阳低有效 */
  49          #define SET_G(on)     do{ P01 = (on) ? 0 : 1; }while(0)   /* G -> P01, 共阳低有效 */
  50          #define SET_B(on)     do{ P06 = (on) ? 0 : 1; }while(0)   /* B -> P06, 共阳低有效 */
  51          #define LED_ALL_OFF() do{ P05=1; P01=1; P06=1; }while(0)
  52          
  53          /* ============================================================================
C51 COMPILER V9.52.0.0   FOGIC_TXD                                                         06/06/2026 21:26:43 PAGE 2   

  54             全局变量（与原始完全一致）
  55             ============================================================================ */
  56          u8  RFM_Buf[ FOGIC_PAYLOAD_LEN_MAX ];
  57          
  58          u8  P0_MD0_Reg, P0_MD1_Reg;
  59          u8  P1_MD0_Reg, P1_MD1_Reg;
  60          u8  P0_AF0_Reg, P0_AF1_Reg;
  61          u8  P1_AF0_Reg, P1_AF1_Reg;
  62          u8  P0_PU_Reg,  P1_PU_Reg;
  63          
  64          /* 当前模式索引 0~7，跨休眠保持 */
  65          static u8 g_mode = 0;
  66          
  67          /* 按键中断标志（在pwm_frame内置位） */
  68          static u8 g_rekey = 0;
  69          
  70          /* ============================================================================
  71             RF相关前向声明
  72             ============================================================================ */
  73          static void Fogic_RF_Send( u8 key_func );
  74          
  75          /* ============================================================================
  76             渲染一帧（软件PWM，10ms）
  77             同时检测按键：若P15持续按下超过消抖时间则置g_rekey
  78             ============================================================================ */
  79          static void pwm_frame( u8 r, u8 g, u8 b )
  80          {
  81   1          u8 t;
  82   1          for( t = 0; t < PWM_MAX; t++ )
  83   1          {
  84   2              SET_R( t < r );
  85   2              SET_G( t < g );
  86   2              SET_B( t < b );
  87   2              delay_ms( PWM_STEP_MS );
  88   2      
  89   2              if( P15 == 1 )
  90   2              {
  91   3                  /* 消抖：持续检测80ms，全部为高电平才确认 */
  92   3                  u8 d;
  93   3                  for( d = 0; d < 80; d++ )
  94   3                  {
  95   4                      delay_ms( 1 );
  96   4                      if( P15 == 0 ) return;  /* 中途松开，判为抖动，忽略 */
  97   4                  }
  98   3                  /* 确认为有效按键：等待松开后再响应 */
  99   3                  while( P15 == 1 ) { delay_ms( 5 ); }
 100   3                  delay_ms( 50 );             /* 松手后再等50ms防弹跳     */
 101   3                  LED_ALL_OFF();
 102   3                  g_rekey = 1;
 103   3                  return;
 104   3              }
 105   2          }
 106   1      }
 107          
 108          /* ============================================================================
 109             线性插值辅助（避免重复代码）
 110             从 a 渐变到 b，当前步 i，总步数 steps
 111             ============================================================================ */
 112          static u8 lerp( u8 a, u8 b, u8 i, u8 steps )
 113          {
 114   1          if( b >= a ) return (u8)( a + (u16)(b - a) * i / steps );
 115   1          else         return (u8)( a - (u16)(a - b) * i / steps );
C51 COMPILER V9.52.0.0   FOGIC_TXD                                                         06/06/2026 21:26:43 PAGE 3   

 116   1      }
 117          
 118          /* ============================================================================
 119             渐变一段：从(r0,g0,b0)到(r1,g1,b1)，共steps帧
 120             返回实际执行的帧数（被按键中断则提前返回）
 121             ============================================================================ */
 122          static u8 do_fade( u8 r0, u8 g0, u8 b0,
 123                             u8 r1, u8 g1, u8 b1,
 124                             u8 steps )
 125          {
 126   1          u8 i;
 127   1          for( i = 0; i < steps; i++ )
 128   1          {
 129   2              if( g_rekey ) return i;
 130   2              pwm_frame( lerp(r0,r1,i,steps),
 131   2                         lerp(g0,g1,i,steps),
 132   2                         lerp(b0,b1,i,steps) );
 133   2          }
 134   1          return steps;
 135   1      }
 136          
 137          /* ============================================================================
 138             8种颜色定义（R,G,B，亮度0~10）
 139             ============================================================================ */
 140          /* 七彩8色表 */
 141          static const u8 code COLORS[8][3] = {
 142              {10, 0, 0},   /* 0 红   */
 143              {10, 4, 0},   /* 1 橙   */
 144              { 8, 8, 0},   /* 2 黄   */
 145              { 0,10, 0},   /* 3 绿   */
 146              { 0, 8, 6},   /* 4 青   */
 147              { 0, 0,10},   /* 5 蓝   */
 148              { 5, 0,10},   /* 6 紫   */
 149              {10, 0, 5},   /* 7 品红 */
 150          };
 151          
 152          /* ============================================================================
 153             模式0~7：单色常亮（显示5秒）
 154             ci = COLORS表索引（0~7对应红/橙/黄/绿/青/蓝/紫/品红）
 155             ============================================================================ */
 156          static void mode_solid( u8 ci )
 157          {
 158   1          u16 total;
 159   1          for( total = 0; total < SHOW_FRAMES && !g_rekey; total++ )
 160   1          {
 161   2              pwm_frame( COLORS[ci][0], COLORS[ci][1], COLORS[ci][2] );
 162   2          }
 163   1      }
 164          
 165          /* ============================================================================
 166             模式8：白色呼吸（亮度0→满→0，每圈100帧=1s，5秒约5圈）
 167             ============================================================================ */
 168          static void mode_breath_white(void)
 169          {
 170   1          u16 total;
 171   1          u8 v, i;
 172   1          total = 0;
 173   1          while( total < SHOW_FRAMES && !g_rekey )
 174   1          {
 175   2              /* 上升50帧 */
 176   2              for( i = 0; i < 50 && total < SHOW_FRAMES && !g_rekey; i++, total++ )
 177   2              {
C51 COMPILER V9.52.0.0   FOGIC_TXD                                                         06/06/2026 21:26:43 PAGE 4   

 178   3                  v = (u8)(i / 5);    /* 0~9 */
 179   3                  pwm_frame(v, v, v);
 180   3              }
 181   2              /* 下降50帧 */
 182   2              for( i = 0; i < 50 && total < SHOW_FRAMES && !g_rekey; i++, total++ )
 183   2              {
 184   3                  v = (u8)((49 - i) / 5);
 185   3                  pwm_frame(v, v, v);
 186   3              }
 187   2          }
 188   1      }
 189          
 190          /* ============================================================================
 191             模式9：彩色呼吸（每种颜色各呼吸一次，每次100帧=1s）
 192             5秒 = 5种颜色各呼吸一次
 193             ============================================================================ */
 194          static void mode_breath_color(void)
 195          {
 196   1          u8 c, i, v;
 197   1          u16 total;
 198   1          total = 0;
 199   1          c = 0;
 200   1          while( total < SHOW_FRAMES && !g_rekey )
 201   1          {
 202   2              /* 上升50帧 */
 203   2              for( i = 0; i < 50 && total < SHOW_FRAMES && !g_rekey; i++, total++ )
 204   2              {
 205   3                  v = (u8)(i / 5);
 206   3                  pwm_frame(
 207   3                      (u8)((u16)COLORS[c][0] * v / 10),
 208   3                      (u8)((u16)COLORS[c][1] * v / 10),
 209   3                      (u8)((u16)COLORS[c][2] * v / 10)
 210   3                  );
 211   3              }
 212   2              /* 下降50帧 */
 213   2              for( i = 0; i < 50 && total < SHOW_FRAMES && !g_rekey; i++, total++ )
 214   2              {
 215   3                  v = (u8)((49 - i) / 5);
 216   3                  pwm_frame(
 217   3                      (u8)((u16)COLORS[c][0] * v / 10),
 218   3                      (u8)((u16)COLORS[c][1] * v / 10),
 219   3                      (u8)((u16)COLORS[c][2] * v / 10)
 220   3                  );
 221   3              }
 222   2              c = (c + 1) % 8;
 223   2          }
 224   1      }
 225          
 226          /* ============================================================================
 227             模式10：全彩渐变（8色顺序平滑过渡一整圈，每段约63帧，8段≈500帧）
 228             ============================================================================ */
 229          static void mode_rainbow_fade(void)
 230          {
 231   1          u8 c, nc;
 232   1          u16 total;
 233   1          total = 0;
 234   1          c = 0;
 235   1          while( total < SHOW_FRAMES && !g_rekey )
 236   1          {
 237   2              nc = (c + 1) % 8;
 238   2              total += do_fade(
 239   2                  COLORS[c][0],  COLORS[c][1],  COLORS[c][2],
C51 COMPILER V9.52.0.0   FOGIC_TXD                                                         06/06/2026 21:26:43 PAGE 5   

 240   2                  COLORS[nc][0], COLORS[nc][1], COLORS[nc][2],
 241   2                  63
 242   2              );
 243   2              c = nc;
 244   2          }
 245   1      }
 246          
 247          /* ============================================================================
 248             显示当前模式（5秒）
 249             ============================================================================ */
 250          static void LED_ShowMode(void)
 251          {
 252   1          switch( g_mode )
 253   1          {
 254   2              case  0: mode_solid(0);        break;  /* 常亮-红   */
 255   2              case  1: mode_solid(1);        break;  /* 常亮-橙   */
 256   2              case  2: mode_solid(2);        break;  /* 常亮-黄   */
 257   2              case  3: mode_solid(3);        break;  /* 常亮-绿   */
 258   2              case  4: mode_solid(4);        break;  /* 常亮-青   */
 259   2              case  5: mode_solid(5);        break;  /* 常亮-蓝   */
 260   2              case  6: mode_solid(6);        break;  /* 常亮-紫   */
 261   2              case  7: mode_solid(7);        break;  /* 常亮-品红 */
 262   2              case  8: mode_breath_white();  break;  /* 白色呼吸  */
 263   2              case  9: mode_breath_color();  break;  /* 彩色呼吸  */
 264   2              case 10: mode_rainbow_fade();  break;  /* 全彩渐变  */
 265   2              default: break;
 266   2          }
 267   1          LED_ALL_OFF();
 268   1      }
 269          
 270          /* ============================================================================
 271             RF初始化（与原始完全一致）
 272             ============================================================================ */
 273          static void Fogic_RFM_Init( void )
 274          {
 275   1          rf_init();
 276   1          rf_spi_write_byte( REG_BANK0_FEATURE,   0x10 );
 277   1          rf_spi_write_byte( REG_BANK0_EN_AA,     0x00 );
 278   1          rf_spi_write_byte( REG_BANK0_CONFIG,    0xFA );
 279   1          rf_spi_write_byte( REG_BANK0_RX_PW_P0, FOGIC_RF_PWP0 );
 280   1          rf_spi_write_byte( REG_BANK0_RF_CH,     FOGIC_RF_CHANNEL );
 281   1          rf_spi_write_byte( REG_BANK0_EN_RXADDR, 0x03 );
 282   1          rf_flush_tx();
 283   1          rf_flush_rx();
 284   1          rf_clear_all_irq();
 285   1          rf_ce_low();
 286   1      }
 287          
 288          static void Fogic_RFM_BufInit( void )
 289          {
 290   1          u8 i;
 291   1          RFM_Buf[0] = 'F';
 292   1          RFM_Buf[1] = 0;
 293   1          for( i = 2; i < 14; i++ ) RFM_Buf[i] = 0x00;
 294   1          RFM_Buf[14] = KEY_NO_FUNC;
 295   1          RFM_Buf[15] = 0x00;
 296   1      }
 297          
 298          static void Fogic_RF_Send( u8 key_func )
 299          {
 300   1          u8 i;
 301   1          RFM_Buf[1]++;
C51 COMPILER V9.52.0.0   FOGIC_TXD                                                         06/06/2026 21:26:43 PAGE 6   

 302   1          RFM_Buf[14] = key_func | 0x10;
 303   1          RFM_Buf[15] = Fogic_GetCRC( RFM_Buf, FOGIC_PAYLOAD_LEN_END );
 304   1      
 305   1          for( i = 0; i < FOGIC_RESEND_CNTS_MAX; i++ )
 306   1          {
 307   2              rf_flush_tx();
 308   2              rf_clear_all_irq();
 309   2              rf_send_pack( CMD_W_TX_PAYLOAD, RFM_Buf, FOGIC_PAYLOAD_LEN_MAX );
 310   2              rf_ce_high();
 311   2              delay_ms( 2 );
 312   2              rf_ce_low();
 313   2              rf_flush_tx();
 314   2              rf_clear_all_irq();
 315   2              delay_ms( 2 );
 316   2          }
 317   1      }
 318          
 319          /* ============================================================================
 320             GPIO初始化（与原始完全一致）
 321             ============================================================================ */
 322          static void GPIO_Init( void )
 323          {
 324   1          P0_MD0 &= ~0x0C;
 325   1          P0_MD0 |=  0x04;
 326   1      
 327   1          P0_MD1 &= ~0x3C;
 328   1          P0_MD1 |=  0x14;
 329   1      
 330   1          P1_MD0 &= ~0xC0;
 331   1          P1_PU  &= ~0x20;
 332   1          P1_PD  |=  0x20;
 333   1      
 334   1          /* 共阳LED灌电流最大化：
 335   1             - 关掉LED脚上拉，避免抬高VOL
 336   1             - P0_DRV 对应位置1，开启P01/P05/P06高驱动（最大灌电流） */
 337   1          P0_PU  &= ~((1<<1) | (1<<5) | (1<<6));
 338   1          P0_DRV |=  ((1<<1) | (1<<5) | (1<<6));
 339   1      
 340   1          LED_ALL_OFF();
 341   1      
 342   1          P0_MD0_Reg = P0_MD0; P0_MD1_Reg = P0_MD1;
 343   1          P1_MD0_Reg = P1_MD0; P1_MD1_Reg = P1_MD1;
 344   1          P0_PU_Reg  = P0_PU;  P1_PU_Reg  = P1_PU;
 345   1          P0_AF0_Reg = P0_AF0; P0_AF1_Reg = P0_AF1;
 346   1          P1_AF0_Reg = P1_AF0; P1_AF1_Reg = P1_AF1;
 347   1      }
 348          
 349          /* ============================================================================
 350             进入SLEEP（与原始完全一致）
 351             ============================================================================ */
 352          static void Enter_Sleep( void )
 353          {
 354   1          LED_ALL_OFF();
 355   1      
 356   1          rf_spi_write_byte( REG_BANK0_FEATURE, 0x20 );
 357   1          rf_spi_write_byte( REG_BANK0_PMU_CTL, 0xA9 );
 358   1          delay_ms( 2 );
 359   1      
 360   1          P0_MD0 = 0xFF; P0_MD1 = 0xFF;
 361   1          P1_MD0 = 0xFF; P1_MD1 = 0xFF;
 362   1      
 363   1          P1_MD1 &= ~0x0C;
C51 COMPILER V9.52.0.0   FOGIC_TXD                                                         06/06/2026 21:26:43 PAGE 7   

 364   1          P1_MD1 |=  0x08;
 365   1          P1_AF1 |=  0x0C;
 366   1          P1_PD  |=  0x20;
 367   1      
 368   1          WKPND     = 0xFF;
 369   1          WKUP_CON0 = 0x02;
 370   1          LP_CON   |= 0x40;
 371   1      
 372   1          __ENTER_SLEEP_MODE;
 373   1      
 374   1          /* ===== 唤醒后继续 ===== */
 375   1          __SLEEP_AFTER_WAKE_UP;
 376   1      
 377   1          P0_MD0 = P0_MD0_Reg; P0_MD1 = P0_MD1_Reg;
 378   1          P1_MD0 = P1_MD0_Reg; P1_MD1 = P1_MD1_Reg;
 379   1          P0_PU  = P0_PU_Reg;  P1_PU  = P1_PU_Reg;
 380   1          P0_AF0 = P0_AF0_Reg; P0_AF1 = P0_AF1_Reg;
 381   1          P1_AF0 = P1_AF0_Reg; P1_AF1 = P1_AF1_Reg;
 382   1      
 383   1          rf_spi_init();
 384   1          Fogic_RFM_Init();
 385   1      
 386   1          /* 唤醒后消抖：等待按键稳定高电平100ms才算有效 */
 387   1          delay_ms( 50 );
 388   1          {
 389   2              u8 d;
 390   2              for( d = 0; d < 100; d++ )
 391   2              {
 392   3                  delay_ms( 1 );
 393   3                  if( P15 == 0 ) { Enter_Sleep(); return; } /* 抖动，重新休眠 */
*** WARNING C265 IN LINE 393 OF ..\..\User\Fogic_TxD.c: 'Enter_Sleep': recursive call to non-reentrant function
 394   3              }
 395   2          }
 396   1          /* 等待按键完全松开 */
 397   1          while( P15 == 1 ) { delay_ms( 5 ); }
 398   1          delay_ms( 80 );                 /* 松手后再等80ms防弹跳 */
 399   1      }
 400          
 401          /* ============================================================================
 402             主函数
 403             流程：
 404               上电 -> 休眠
 405               唤醒（按键）->  g_mode切换 -> 立即发RF -> 显示5s -> 休眠
 406               显示中再次按键 -> 立即切换到下一模式 -> 重新发RF -> 重新计5s
 407             ============================================================================ */
 408          void main( void )
 409          {
 410   1          system_init();
 411   1          rf_spi_init();
 412   1      
 413   1          GPIO_Init();
 414   1          Fogic_RFM_Init();
 415   1          Fogic_RFM_BufInit();
 416   1          LED_ALL_OFF();
 417   1      
 418   1          Enter_Sleep();              /* 上电休眠，等待首次按键 */
 419   1      
 420   1          while( 1 )
 421   1          {
 422   2              g_rekey = 0;                        /* 清中断标志           */
 423   2              g_mode  = (g_mode + 1) % 11;       /* 切换到下一模式（0~10循环）*/
 424   2              Fogic_RF_Send( KFN_GO_STOP );       /* 立即发送RF           */
C51 COMPILER V9.52.0.0   FOGIC_TXD                                                         06/06/2026 21:26:43 PAGE 8   

 425   2              LED_ShowMode();                     /* 显示当前模式5秒      */
 426   2      
 427   2              if( g_rekey )
 428   2              {
 429   3                  /* 显示期间被按键中断：不休眠，直接切换下一模式 */
 430   3                  continue;
 431   3              }
 432   2      
 433   2              /* 5秒正常显示完毕，进入休眠 */
 434   2              Enter_Sleep();
 435   2          }
 436   1      }
 437          
 438          /* ============================================================================ */
 439          #endif
 440          #endif /* __FOGIC_TXD_C__ */


MODULE INFORMATION:   STATIC OVERLAYABLE
   CODE SIZE        =   1676    ----
   CONSTANT SIZE    =     24    ----
   XDATA SIZE       =   ----    ----
   PDATA SIZE       =   ----    ----
   DATA SIZE        =     28      34
   IDATA SIZE       =   ----    ----
   BIT SIZE         =   ----    ----
END OF MODULE INFORMATION.


C51 COMPILATION COMPLETE.  1 WARNING(S),  0 ERROR(S)
