C51 COMPILER V9.52.0.0   SYSTEM                                                            05/24/2026 16:55:24 PAGE 1   


C51 COMPILER V9.52.0.0, COMPILATION OF MODULE SYSTEM
OBJECT MODULE PLACED IN .\Release\Objects\system.obj
COMPILER INVOKED BY: D:\Keil\C51\BIN\C51.EXE ..\..\Libraries\Source\system.c BROWSE INTVECTOR(0X8000) INCDIR(..\..\Libra
                    -ries\Include;..\..\User) INTERVAL(3) DEBUG OBJECTEXTEND PRINT(.\Release\Listings\system.lst) TABS(2) OBJECT(.\Release\Ob
                    -jects\system.obj)

line level    source

   1          /**
   2            ******************************************************************************
   3            * @file    system.c
   4            * @author  HUGE-IC Application Team
   5            * @version V1.0.0
   6            * @date    01-05-2021
   7            * @brief   Main program body
   8            ******************************************************************************
   9            * @attention
  10            *
  11            * <h2><center>&copy; COPYRIGHT 2021 HUGE-IC</center></h2>
  12            *
  13            *
  14            *
  15            ******************************************************************************
  16            */ 
  17          
  18          /* Includes ------------------------------------------------------------------*/
  19          #include "include.h"
  20          
  21          /** @addtogroup Template_Project
  22            * @{
  23            */
  24            
  25          /* Private typedef -----------------------------------------------------------*/
  26          /* Private define ------------------------------------------------------------*/
  27          #define HRCSC_STEP_VAL            (*(u8 code *)0x9111)  // 获取HRC时钟细调值
  28          
  29          /* Private macro -------------------------------------------------------------*/
  30          /* Private variables ---------------------------------------------------------*/
  31          /* Private function prototypes -----------------------------------------------*/
  32          /* Private functions ---------------------------------------------------------*/
  33          
  34          
  35          /**
  36            * @brief  System initialization function
  37            * @param  None
  38            * @retval None
  39            */
  40          void system_init(void)
  41          {
  42   1          u8 hrcsc_data = HRCSC_STEP_VAL & 0x7f;      // 获取HRC时钟细调值
  43   1          
  44   1          WDT_KEY    = 0xDD;                          // Close WDT
  45   1          
  46   1          FLASH_TIM0 = 0x55;
  47   1          FLASH_TIM1 = 0x54;                          // FLASH 16M 访问速度
  48   1          FLASH_TRIM = 0x0A;
  49   1          
  50   1          AIP_CON0   = 0x80 | hrcsc_data;             // 使能 hirc
  51   1          CLK_CON0   = 0x03;                          // 选择 hirc clk
  52   1          CLK_CON2   = 0x00;                          // 系统时钟不分频
  53   1          CLK_CON6   = 0x1F;                          // FLASH烧写时钟32分频：1M
C51 COMPILER V9.52.0.0   SYSTEM                                                            05/24/2026 16:55:24 PAGE 2   

  54   1          
  55   1          delay_ms(1);                                // 该延迟不可删除，保证烧录稳定性
  56   1      //  LVD_CON0&=~0X7F;
  57   1      //  LVD_CON0|=0X7B;
  58   1          __ADC_VREFP_TRIM_5V_CALIB;                  // 填入5V电压供电下内部2.4V参考电压的校准值
  59   1          
  60   1      //    __SET_ALL_IO_ANALOG_MODE;              // 所有IO的初始状态设为模拟模式，在二次开发时不使用到的IO保持
             -模拟模式可减小功耗
  61   1      }
  62          
  63          /*************************** (C) COPYRIGHT 2021 HUGE-IC ***** END OF FILE *****/


MODULE INFORMATION:   STATIC OVERLAYABLE
   CODE SIZE        =     73    ----
   CONSTANT SIZE    =   ----    ----
   XDATA SIZE       =   ----    ----
   PDATA SIZE       =   ----    ----
   DATA SIZE        =   ----    ----
   IDATA SIZE       =   ----    ----
   BIT SIZE         =   ----    ----
END OF MODULE INFORMATION.


C51 COMPILATION COMPLETE.  0 WARNING(S),  0 ERROR(S)
